{
    "metadata": {
        "content": [
            "DRR026872.runinfo_ftp.tsv:md5,5620768b65ecb4067b7547a49e07b67b",
            "DRR028935.runinfo_ftp.tsv:md5,7f248072a55d5f729c4827937625a05b",
            "ERR1109373.runinfo_ftp.tsv:md5,f7cd42805764f783388c2686fe2a3f95",
            "ERR1160846.runinfo_ftp.tsv:md5,36257a2c851d10d61a97581f3496529d",
            "SRR12848126.runinfo_ftp.tsv:md5,ce5380eceefba1210df0cefe321be62a",
            "SRR13191702.runinfo_ftp.tsv:md5,37f87c5665e65cece1bc5e2b529e3b3b",
            "SRR14593545.runinfo_ftp.tsv:md5,36a0fe8c5d3917f105e4cbbb7a720d7d",
            "SRR14709033.runinfo_ftp.tsv:md5,8f06fa2e4708318dbe8e9505000ea919",
            "SRR9984183.runinfo_ftp.tsv:md5,72047c09c02782932672862e8adf3fa5"
        ],
        "timestamp": "2023-04-27T16:46:30+0000"
    },
    "samplesheet": {
        "content": [
            "id_mappings.csv:md5,660db7a31a1c775cabad5f9b21addc06",
            "multiqc_config.yml:md5,d01bd71fb5b9901c80166fba0637e430",
            "samplesheet.csv:md5,6b59e47a9fffdde864907419d0c4ad04"
        ],
        "timestamp": "2023-04-27T16:46:30+0000"
    },
    "software_versions": {
        "content": [
            "software_versions.yml:md5,d9a2185a464cbd9c0f576dad2ccea2cc"
        ],
        "timestamp": "2023-04-27T16:46:30+0000"
    }
}