{
    "metadata": {
        "content": [
            "DRR026872.runinfo_ftp.tsv:md5,f46819ed848d0d28dff80fd0f5a4cd34",
            "DRR028935.runinfo_ftp.tsv:md5,ef08c3756034e6705b0e13d1f37bfea5",
            "ERR1109373.runinfo_ftp.tsv:md5,6e7960f43046c6080435a024e9c426c9",
            "ERR1160846.runinfo_ftp.tsv:md5,db8b7bc5877a62b90e719d7cf3c0d25f",
            "SRR12848126.runinfo_ftp.tsv:md5,b8ac151eb85a001e9aa3d7319156c016",
            "SRR13191702.runinfo_ftp.tsv:md5,7188ac3b1d73ec297a900450e73bf751",
            "SRR14593545.runinfo_ftp.tsv:md5,302271a4a1d99865362d0228e6439580",
            "SRR14709033.runinfo_ftp.tsv:md5,e059c4a0dfdddd70c1998a1ea9c1e65f",
            "SRR9984183.runinfo_ftp.tsv:md5,827751e211294eeecbb7239f70ead9a5"
        ],
        "timestamp": "2023-05-09T00:33:33+0000"
    },
    "samplesheet": {
        "content": [
            "id_mappings.csv:md5,40c6daa8d668b4930bfd9045248e16ec",
            "multiqc_config.yml:md5,a6370add94bbe60c6bbe1bb48a038e8d",
            "samplesheet.csv:md5,a12fd27d7741f1aa687049eb6ce9ed9a"
        ],
        "timestamp": "2023-05-09T00:33:33+0000"
    },
    "software_versions": {
        "content": [
            "software_versions.yml:md5,c8ccda032b4de8e103eace767442fcf4"
        ],
        "timestamp": "2023-05-09T00:33:33+0000"
    },
    "fastq": {
        "content": [
            "DRX024467_DRR026872.fastq.gz:md5,515e5448c55e054113c4a22df5f62791",
            "DRX026011_DRR028935_1.fastq.gz:md5,cc01df82a9354bb6b3be93483b20c35a",
            "DRX026011_DRR028935_2.fastq.gz:md5,941c9998d746416dad53c94c480ddf30",
            "ERX1188904_ERR1109373_1.fastq.gz:md5,9fd57225d6c07a31843276d6df9b15c0",
            "ERX1188904_ERR1109373_2.fastq.gz:md5,5a62e8f785687dce890cfb4fe3e607f9",
            "ERX1234253_ERR1160846.fastq.gz:md5,5924f20ef547ebdfed7cad795bbab6e6",
            "SRX10940790_SRR14593545_1.fastq.gz:md5,6a4762cf0f1f9f5544d3735e2e07c5d3",
            "SRX10940790_SRR14593545_2.fastq.gz:md5,cbd30715fdef457d7aa24a12f19eedf2",
            "SRX11047067_SRR14709033.fastq.gz:md5,79140dd1cb3fd1c5e02d88e01f7c3eda",
            "SRX6725035_SRR9984183.fastq.gz:md5,0b512d2dc31685983456bd56fd836544",
            "SRX9315476_SRR12848126_1.fastq.gz:md5,03f5a34586aef9cd61f54eb26831a665",
            "SRX9315476_SRR12848126_2.fastq.gz:md5,97701c5d884af8d96ba95d7237f3bf79",
            "SRX9626017_SRR13191702_1.fastq.gz:md5,89c5be920021a035084d8aeb74f32df7",
            "SRX9626017_SRR13191702_2.fastq.gz:md5,56271be38a80db78ef3bdfc5d9909b98",
            [
                "DRX024467_DRR026872.fastq.gz.md5:md5,dacaeba3498fb8f405411a22cdb4b40d",
                "DRX026011_DRR028935_1.fastq.gz.md5:md5,a47018c5972ba4c11539d0d6bc25eda9",
                "DRX026011_DRR028935_2.fastq.gz.md5:md5,f477bbef548fbed665734ebf084eea2f",
                "ERX1188904_ERR1109373_1.fastq.gz.md5:md5,50c1c3108631dc32a3151b67e0260d86",
                "ERX1188904_ERR1109373_2.fastq.gz.md5:md5,1f22463d410e91a288c83d43654b2499",
                "ERX1234253_ERR1160846.fastq.gz.md5:md5,513a8437ad331fc512b088b3750aa1ff",
                "SRX6725035_SRR9984183.fastq.gz.md5:md5,84f59dbb76c9b5eab7e14d90ced352c4",
                "SRX9626017_SRR13191702_1.fastq.gz.md5:md5,055a6916ec9ee478e453d50651f87997",
                "SRX9626017_SRR13191702_2.fastq.gz.md5:md5,c30ac785f8d80ec563fabf604d8bf945"
            ]
        ],
        "timestamp": "2023-05-09T00:33:33+0000"
    }
}